// Jest Snapshot v1, https://goo.gl/fbAQLP

exports[`Header header component renders correctly 1`] = `
<div
  className="navbar navbar-expand-lg navbar-dark bg-dark"
>
  <button
    aria-controls="collapsed-navbar"
    aria-expanded="false"
    aria-label="Toggle navigation"
    className="navbar-toggler"
    data-target="#collapsed-navbar"
    data-toggle="collapse"
    type="button"
  >
    <span
      className="navbar-toggler-icon"
    />
  </button>
  <a
    className="navbar-brand"
    href="/"
  >
    Phone Number Generator
  </a>
  <div
    className="collapse navbar-collapse"
    id="collapsed-navbar"
  >
    <ul
      className="navbar-nav mr-auto"
    >
      <li
        className="nav-item active"
      >
        <a
          className="nav-link"
          href="/"
        >
          Generate Number
        </a>
      </li>
      <li
        className="nav-item"
      >
        <a
          className="nav-link"
          href="/numbers"
        >
          Phone Numbers
        </a>
      </li>
    </ul>
    <form
      className="form-inline my-2 my-lg-0"
      onSubmit={[Function]}
    >
      <input
        aria-label="Search"
        className="form-control mr-sm-2"
        name="search"
        onChange={[Function]}
        placeholder="search number"
        type="search"
        value=""
      />
      <button
        className="btn btn-outline-success my-2 my-sm-0"
        type="submit"
      >
        Search
      </button>
    </form>
  </div>
</div>
`;
