// Jest Snapshot v1, https://goo.gl/fbAQLP

exports[`PageNotFound page not found renders correctly 1`] = `
<div
  className="page-not-found"
>
  <p
    className="page-text"
  >
    Page Not Found
  </p>
  <p
    className="status-text"
  >
    404
  </p>
  <p
    className="go-text"
  >
    GO TO
  </p>
  <button
    id="generate"
    onClick={[Function]}
    type="button"
  >
    Generate Numbers
  </button>
  <span
    className="or-text"
  >
     OR 
  </span>
  <button
    id="view"
    onClick={[Function]}
    type="button"
  >
    View All Numbers
  </button>
</div>
`;
